<?xml version="1.0" encoding="ISO-8859-1" ?>
<link_info>
   <banner>TMS320C2000 Linker PC v22.6.1.LTS</banner>
   <copyright>Copyright (c) 1996-2018 Texas Instruments Incorporated</copyright>
   <link_time>0x666e709b</link_time>
   <link_errors>0x0</link_errors>
   <output_file>project6.out</output_file>
   <entry_point>
      <name>_c_int00</name>
      <address>0x3f5a15</address>
   </entry_point>
   <input_file_list>
      <input_file id="fl-5">
         <path>.\</path>
         <kind>object</kind>
         <file>F2806x_CpuTimers.obj</file>
         <name>F2806x_CpuTimers.obj</name>
      </input_file>
      <input_file id="fl-7">
         <path>.\</path>
         <kind>object</kind>
         <file>F2806x_GlobalVariableDefs.obj</file>
         <name>F2806x_GlobalVariableDefs.obj</name>
      </input_file>
      <input_file id="fl-9">
         <path>.\</path>
         <kind>object</kind>
         <file>F2806x_MemCopy.obj</file>
         <name>F2806x_MemCopy.obj</name>
      </input_file>
      <input_file id="fl-1f">
         <path>C:\ti\ccs1260\ccs\tools\compiler\ti-cgt-c2000_22.6.1.LTS\lib\</path>
         <kind>archive</kind>
         <file>rts2800_fpu32.lib</file>
         <name>sprintf.c.obj</name>
      </input_file>
      <input_file id="fl-22">
         <path>C:\ti\ccs1260\ccs\tools\compiler\ti-cgt-c2000_22.6.1.LTS\lib\</path>
         <kind>archive</kind>
         <file>rts2800_fpu32.lib</file>
         <name>cpy_tbl.c.obj</name>
      </input_file>
      <input_file id="fl-23">
         <path>C:\ti\ccs1260\ccs\tools\compiler\ti-cgt-c2000_22.6.1.LTS\lib\</path>
         <kind>archive</kind>
         <file>rts2800_fpu32.lib</file>
         <name>memcpy.c.obj</name>
      </input_file>
      <input_file id="fl-24">
         <path>C:\ti\ccs1260\ccs\tools\compiler\ti-cgt-c2000_22.6.1.LTS\lib\</path>
         <kind>archive</kind>
         <file>rts2800_fpu32.lib</file>
         <name>pre_init.c.obj</name>
      </input_file>
      <input_file id="fl-27">
         <path>C:\ti\ccs1260\ccs\tools\compiler\ti-cgt-c2000_22.6.1.LTS\lib\</path>
         <kind>archive</kind>
         <file>rts2800_fpu32.lib</file>
         <name>_lock.c.obj</name>
      </input_file>
      <input_file id="fl-37">
         <path>C:\ti\ccs1260\ccs\tools\compiler\ti-cgt-c2000_22.6.1.LTS\lib\</path>
         <kind>archive</kind>
         <file>rts2800_fpu32.lib</file>
         <name>_ltoa.c.obj</name>
      </input_file>
      <input_file id="fl-38">
         <path>C:\ti\ccs1260\ccs\tools\compiler\ti-cgt-c2000_22.6.1.LTS\lib\</path>
         <kind>archive</kind>
         <file>rts2800_fpu32.lib</file>
         <name>atoi.c.obj</name>
      </input_file>
      <input_file id="fl-39">
         <path>C:\ti\ccs1260\ccs\tools\compiler\ti-cgt-c2000_22.6.1.LTS\lib\</path>
         <kind>archive</kind>
         <file>rts2800_fpu32.lib</file>
         <name>ctype.c.obj</name>
      </input_file>
      <input_file id="fl-3a">
         <path>C:\ti\ccs1260\ccs\tools\compiler\ti-cgt-c2000_22.6.1.LTS\lib\</path>
         <kind>archive</kind>
         <file>rts2800_fpu32.lib</file>
         <name>memccpy.c.obj</name>
      </input_file>
      <input_file id="fl-3b">
         <path>C:\ti\ccs1260\ccs\tools\compiler\ti-cgt-c2000_22.6.1.LTS\lib\</path>
         <kind>archive</kind>
         <file>rts2800_fpu32.lib</file>
         <name>memset.c.obj</name>
      </input_file>
      <input_file id="fl-3c">
         <path>C:\ti\ccs1260\ccs\tools\compiler\ti-cgt-c2000_22.6.1.LTS\lib\</path>
         <kind>archive</kind>
         <file>rts2800_fpu32.lib</file>
         <name>strchr.c.obj</name>
      </input_file>
      <input_file id="fl-3d">
         <path>C:\ti\ccs1260\ccs\tools\compiler\ti-cgt-c2000_22.6.1.LTS\lib\</path>
         <kind>archive</kind>
         <file>rts2800_fpu32.lib</file>
         <name>strcpy.c.obj</name>
      </input_file>
      <input_file id="fl-3e">
         <path>C:\ti\ccs1260\ccs\tools\compiler\ti-cgt-c2000_22.6.1.LTS\lib\</path>
         <kind>archive</kind>
         <file>rts2800_fpu32.lib</file>
         <name>strlen.c.obj</name>
      </input_file>
      <input_file id="fl-3f">
         <path>C:\ti\ccs1260\ccs\tools\compiler\ti-cgt-c2000_22.6.1.LTS\lib\</path>
         <kind>archive</kind>
         <file>rts2800_fpu32.lib</file>
         <name>s_frexp.c.obj</name>
      </input_file>
      <input_file id="fl-40">
         <path>C:\ti\ccs1260\ccs\tools\compiler\ti-cgt-c2000_22.6.1.LTS\lib\</path>
         <kind>archive</kind>
         <file>rts2800_fpu32.lib</file>
         <name>s_scalbn.c.obj</name>
      </input_file>
      <input_file id="fl-41">
         <path>C:\ti\ccs1260\ccs\tools\compiler\ti-cgt-c2000_22.6.1.LTS\lib\</path>
         <kind>archive</kind>
         <file>rts2800_fpu32.lib</file>
         <name>wcslen.c.obj</name>
      </input_file>
      <input_file id="fl-44">
         <path>C:\ti\ccs1260\ccs\tools\compiler\ti-cgt-c2000_22.6.1.LTS\lib\</path>
         <kind>archive</kind>
         <file>rts2800_fpu32.lib</file>
         <name>errno.c.obj</name>
      </input_file>
      <input_file id="fl-45">
         <path>C:\ti\ccs1260\ccs\tools\compiler\ti-cgt-c2000_22.6.1.LTS\lib\</path>
         <kind>archive</kind>
         <file>rts2800_fpu32.lib</file>
         <name>s_copysign.c.obj</name>
      </input_file>
      <input_file id="fl-46">
         <path>C:\Users\navne\AppData\Local\Temp\</path>
         <kind>object</kind>
         <file>{1A57EDBE-0CE7-4EFB-9856-DD9E5B14646A}</file>
         <name>{1A57EDBE-0CE7-4EFB-9856-DD9E5B14646A}</name>
      </input_file>
      <input_file id="fl-2">
         <path>.\</path>
         <kind>object</kind>
         <file>Example_2806xSci_Echoback.obj</file>
         <name>Example_2806xSci_Echoback.obj</name>
      </input_file>
      <input_file id="fl-3">
         <path>.\</path>
         <kind>object</kind>
         <file>F2806x_Adc.obj</file>
         <name>F2806x_Adc.obj</name>
      </input_file>
      <input_file id="fl-4">
         <path>.\</path>
         <kind>object</kind>
         <file>F2806x_CodeStartBranch.obj</file>
         <name>F2806x_CodeStartBranch.obj</name>
      </input_file>
      <input_file id="fl-6">
         <path>.\</path>
         <kind>object</kind>
         <file>F2806x_DefaultIsr.obj</file>
         <name>F2806x_DefaultIsr.obj</name>
      </input_file>
      <input_file id="fl-8">
         <path>.\</path>
         <kind>object</kind>
         <file>F2806x_Gpio.obj</file>
         <name>F2806x_Gpio.obj</name>
      </input_file>
      <input_file id="fl-a">
         <path>.\</path>
         <kind>object</kind>
         <file>F2806x_PieCtrl.obj</file>
         <name>F2806x_PieCtrl.obj</name>
      </input_file>
      <input_file id="fl-b">
         <path>.\</path>
         <kind>object</kind>
         <file>F2806x_PieVect.obj</file>
         <name>F2806x_PieVect.obj</name>
      </input_file>
      <input_file id="fl-c">
         <path>.\</path>
         <kind>object</kind>
         <file>F2806x_Sci.obj</file>
         <name>F2806x_Sci.obj</name>
      </input_file>
      <input_file id="fl-d">
         <path>.\</path>
         <kind>object</kind>
         <file>F2806x_SysCtrl.obj</file>
         <name>F2806x_SysCtrl.obj</name>
      </input_file>
      <input_file id="fl-e">
         <path>.\</path>
         <kind>object</kind>
         <file>F2806x_usDelay.obj</file>
         <name>F2806x_usDelay.obj</name>
      </input_file>
      <input_file id="fl-13">
         <kind>object</kind>
         <file>&lt;internal&gt;</file>
         <name>&lt;internal&gt;</name>
      </input_file>
      <input_file id="fl-20">
         <path>C:\ti\ccs1260\ccs\tools\compiler\ti-cgt-c2000_22.6.1.LTS\lib\</path>
         <kind>archive</kind>
         <file>rts2800_fpu32.lib</file>
         <name>boot28.asm.obj</name>
      </input_file>
      <input_file id="fl-21">
         <path>C:\ti\ccs1260\ccs\tools\compiler\ti-cgt-c2000_22.6.1.LTS\lib\</path>
         <kind>archive</kind>
         <file>rts2800_fpu32.lib</file>
         <name>u_div28.asm.obj</name>
      </input_file>
      <input_file id="fl-25">
         <path>C:\ti\ccs1260\ccs\tools\compiler\ti-cgt-c2000_22.6.1.LTS\lib\</path>
         <kind>archive</kind>
         <file>rts2800_fpu32.lib</file>
         <name>startup.c.obj</name>
      </input_file>
      <input_file id="fl-26">
         <path>C:\ti\ccs1260\ccs\tools\compiler\ti-cgt-c2000_22.6.1.LTS\lib\</path>
         <kind>archive</kind>
         <file>rts2800_fpu32.lib</file>
         <name>exit.c.obj</name>
      </input_file>
      <input_file id="fl-28">
         <path>C:\ti\ccs1260\ccs\tools\compiler\ti-cgt-c2000_22.6.1.LTS\lib\</path>
         <kind>archive</kind>
         <file>rts2800_fpu32.lib</file>
         <name>args_main.c.obj</name>
      </input_file>
      <input_file id="fl-29">
         <path>C:\ti\ccs1260\ccs\tools\compiler\ti-cgt-c2000_22.6.1.LTS\lib\</path>
         <kind>archive</kind>
         <file>rts2800_fpu32.lib</file>
         <name>_printfi.c.obj</name>
      </input_file>
      <input_file id="fl-2a">
         <path>C:\ti\ccs1260\ccs\tools\compiler\ti-cgt-c2000_22.6.1.LTS\lib\</path>
         <kind>archive</kind>
         <file>rts2800_fpu32.lib</file>
         <name>fd_cmp28.asm.obj</name>
      </input_file>
      <input_file id="fl-2b">
         <path>C:\ti\ccs1260\ccs\tools\compiler\ti-cgt-c2000_22.6.1.LTS\lib\</path>
         <kind>archive</kind>
         <file>rts2800_fpu32.lib</file>
         <name>fd_mpy28.asm.obj</name>
      </input_file>
      <input_file id="fl-2c">
         <path>C:\ti\ccs1260\ccs\tools\compiler\ti-cgt-c2000_22.6.1.LTS\lib\</path>
         <kind>archive</kind>
         <file>rts2800_fpu32.lib</file>
         <name>fd_neg28.asm.obj</name>
      </input_file>
      <input_file id="fl-2d">
         <path>C:\ti\ccs1260\ccs\tools\compiler\ti-cgt-c2000_22.6.1.LTS\lib\</path>
         <kind>archive</kind>
         <file>rts2800_fpu32.lib</file>
         <name>fd_sub28.asm.obj</name>
      </input_file>
      <input_file id="fl-2e">
         <path>C:\ti\ccs1260\ccs\tools\compiler\ti-cgt-c2000_22.6.1.LTS\lib\</path>
         <kind>archive</kind>
         <file>rts2800_fpu32.lib</file>
         <name>fd_toi28.asm.obj</name>
      </input_file>
      <input_file id="fl-2f">
         <path>C:\ti\ccs1260\ccs\tools\compiler\ti-cgt-c2000_22.6.1.LTS\lib\</path>
         <kind>archive</kind>
         <file>rts2800_fpu32.lib</file>
         <name>fd_tol28.asm.obj</name>
      </input_file>
      <input_file id="fl-30">
         <path>C:\ti\ccs1260\ccs\tools\compiler\ti-cgt-c2000_22.6.1.LTS\lib\</path>
         <kind>archive</kind>
         <file>rts2800_fpu32.lib</file>
         <name>ll_aox28.asm.obj</name>
      </input_file>
      <input_file id="fl-31">
         <path>C:\ti\ccs1260\ccs\tools\compiler\ti-cgt-c2000_22.6.1.LTS\lib\</path>
         <kind>archive</kind>
         <file>rts2800_fpu32.lib</file>
         <name>ll_cmp28.asm.obj</name>
      </input_file>
      <input_file id="fl-32">
         <path>C:\ti\ccs1260\ccs\tools\compiler\ti-cgt-c2000_22.6.1.LTS\lib\</path>
         <kind>archive</kind>
         <file>rts2800_fpu32.lib</file>
         <name>ll_div28.asm.obj</name>
      </input_file>
      <input_file id="fl-33">
         <path>C:\ti\ccs1260\ccs\tools\compiler\ti-cgt-c2000_22.6.1.LTS\lib\</path>
         <kind>archive</kind>
         <file>rts2800_fpu32.lib</file>
         <name>i_tofd28.asm.obj</name>
      </input_file>
      <input_file id="fl-34">
         <path>C:\ti\ccs1260\ccs\tools\compiler\ti-cgt-c2000_22.6.1.LTS\lib\</path>
         <kind>archive</kind>
         <file>rts2800_fpu32.lib</file>
         <name>l_tofd28.asm.obj</name>
      </input_file>
      <input_file id="fl-35">
         <path>C:\ti\ccs1260\ccs\tools\compiler\ti-cgt-c2000_22.6.1.LTS\lib\</path>
         <kind>archive</kind>
         <file>rts2800_fpu32.lib</file>
         <name>fs_tofdfpu32.asm.obj</name>
      </input_file>
      <input_file id="fl-36">
         <path>C:\ti\ccs1260\ccs\tools\compiler\ti-cgt-c2000_22.6.1.LTS\lib\</path>
         <kind>archive</kind>
         <file>rts2800_fpu32.lib</file>
         <name>fd_div28.asm.obj</name>
      </input_file>
      <input_file id="fl-42">
         <path>C:\ti\ccs1260\ccs\tools\compiler\ti-cgt-c2000_22.6.1.LTS\lib\</path>
         <kind>archive</kind>
         <file>rts2800_fpu32.lib</file>
         <name>fd_add28.asm.obj</name>
      </input_file>
      <input_file id="fl-43">
         <path>C:\ti\ccs1260\ccs\tools\compiler\ti-cgt-c2000_22.6.1.LTS\lib\</path>
         <kind>archive</kind>
         <file>rts2800_fpu32.lib</file>
         <name>l_div28.asm.obj</name>
      </input_file>
   </input_file_list>
   <object_component_list>
      <object_component id="oc-de">
         <name>.cinit</name>
         <load_address>0x3f6024</load_address>
         <run_address>0x3f6024</run_address>
         <size>0xe</size>
         <input_file_ref idref="fl-26"/>
      </object_component>
      <object_component id="oc-144">
         <name>.cinit:__lock</name>
         <load_address>0x3f6032</load_address>
         <run_address>0x3f6032</run_address>
         <size>0x5</size>
         <input_file_ref idref="fl-46"/>
      </object_component>
      <object_component id="oc-14d">
         <name>.cinit:__unlock</name>
         <load_address>0x3f6037</load_address>
         <run_address>0x3f6037</run_address>
         <size>0x5</size>
         <input_file_ref idref="fl-46"/>
      </object_component>
      <object_component id="oc-55">
         <name>.cinit</name>
         <load_address>0x3f603c</load_address>
         <run_address>0x3f603c</run_address>
         <size>0x4</size>
         <input_file_ref idref="fl-46"/>
      </object_component>
      <object_component id="oc-155">
         <name>.text</name>
         <load_address>0x3f4000</load_address>
         <run_address>0x3f4000</run_address>
         <size>0x6d0</size>
         <input_file_ref idref="fl-29"/>
      </object_component>
      <object_component id="oc-14e">
         <name>.text:__TI_printfi</name>
         <load_address>0x3f46d0</load_address>
         <run_address>0x3f46d0</run_address>
         <size>0x5f5</size>
         <input_file_ref idref="fl-29"/>
      </object_component>
      <object_component id="oc-aa">
         <name>.text:retain</name>
         <load_address>0x3f4cc5</load_address>
         <run_address>0x3f4cc5</run_address>
         <size>0x39b</size>
         <input_file_ref idref="fl-6"/>
      </object_component>
      <object_component id="oc-141">
         <name>.text</name>
         <load_address>0x3f5060</load_address>
         <run_address>0x3f5060</run_address>
         <size>0x208</size>
         <input_file_ref idref="fl-2"/>
      </object_component>
      <object_component id="oc-14b">
         <name>.text</name>
         <load_address>0x3f5268</load_address>
         <run_address>0x3f5268</run_address>
         <size>0x1df</size>
         <input_file_ref idref="fl-3"/>
      </object_component>
      <object_component id="oc-146">
         <name>.text</name>
         <load_address>0x3f5447</load_address>
         <run_address>0x3f5447</run_address>
         <size>0x18c</size>
         <input_file_ref idref="fl-d"/>
      </object_component>
      <object_component id="oc-118">
         <name>.text</name>
         <load_address>0x3f55d3</load_address>
         <run_address>0x3f55d3</run_address>
         <size>0x107</size>
         <input_file_ref idref="fl-32"/>
      </object_component>
      <object_component id="oc-15b">
         <name>.text</name>
         <load_address>0x3f56da</load_address>
         <run_address>0x3f56da</run_address>
         <size>0xac</size>
         <input_file_ref idref="fl-40"/>
      </object_component>
      <object_component id="oc-131">
         <name>.text</name>
         <load_address>0x3f5786</load_address>
         <run_address>0x3f5786</run_address>
         <size>0x9c</size>
         <input_file_ref idref="fl-42"/>
      </object_component>
      <object_component id="oc-98">
         <name>.text:retain</name>
         <load_address>0x3f5822</load_address>
         <run_address>0x3f5822</run_address>
         <size>0x8b</size>
         <input_file_ref idref="fl-2"/>
      </object_component>
      <object_component id="oc-12c">
         <name>.text</name>
         <load_address>0x3f58ad</load_address>
         <run_address>0x3f58ad</run_address>
         <size>0x8b</size>
         <input_file_ref idref="fl-36"/>
      </object_component>
      <object_component id="oc-f5">
         <name>.text</name>
         <load_address>0x3f5938</load_address>
         <run_address>0x3f5938</run_address>
         <size>0x83</size>
         <input_file_ref idref="fl-2b"/>
      </object_component>
      <object_component id="oc-15a">
         <name>.text</name>
         <load_address>0x3f59bb</load_address>
         <run_address>0x3f59bb</run_address>
         <size>0x5a</size>
         <input_file_ref idref="fl-3f"/>
      </object_component>
      <object_component id="oc-53">
         <name>.text</name>
         <load_address>0x3f5a15</load_address>
         <run_address>0x3f5a15</run_address>
         <size>0x56</size>
         <input_file_ref idref="fl-20"/>
      </object_component>
      <object_component id="oc-147">
         <name>.text</name>
         <load_address>0x3f5a6b</load_address>
         <run_address>0x3f5a6b</run_address>
         <size>0x39</size>
         <input_file_ref idref="fl-c"/>
      </object_component>
      <object_component id="oc-145">
         <name>.text</name>
         <load_address>0x3f5aa4</load_address>
         <run_address>0x3f5aa4</run_address>
         <size>0x32</size>
         <input_file_ref idref="fl-1f"/>
      </object_component>
      <object_component id="oc-151">
         <name>.text</name>
         <load_address>0x3f5ad6</load_address>
         <run_address>0x3f5ad6</run_address>
         <size>0x31</size>
         <input_file_ref idref="fl-38"/>
      </object_component>
      <object_component id="oc-159">
         <name>.text</name>
         <load_address>0x3f5b07</load_address>
         <run_address>0x3f5b07</run_address>
         <size>0x30</size>
         <input_file_ref idref="fl-37"/>
      </object_component>
      <object_component id="oc-f0">
         <name>.text</name>
         <load_address>0x3f5b37</load_address>
         <run_address>0x3f5b37</run_address>
         <size>0x2a</size>
         <input_file_ref idref="fl-2a"/>
      </object_component>
      <object_component id="oc-136">
         <name>.text</name>
         <load_address>0x3f5b61</load_address>
         <run_address>0x3f5b61</run_address>
         <size>0x2a</size>
         <input_file_ref idref="fl-43"/>
      </object_component>
      <object_component id="oc-13f">
         <name>.text</name>
         <load_address>0x3f5b8b</load_address>
         <run_address>0x3f5b8b</run_address>
         <size>0x29</size>
         <input_file_ref idref="fl-26"/>
      </object_component>
      <object_component id="oc-148">
         <name>.text</name>
         <load_address>0x3f5bb4</load_address>
         <run_address>0x3f5bb4</run_address>
         <size>0x28</size>
         <input_file_ref idref="fl-a"/>
      </object_component>
      <object_component id="oc-13c">
         <name>.text</name>
         <load_address>0x3f5bdc</load_address>
         <run_address>0x3f5bdc</run_address>
         <size>0x24</size>
         <input_file_ref idref="fl-22"/>
      </object_component>
      <object_component id="oc-15d">
         <name>.text</name>
         <load_address>0x3f5c00</load_address>
         <run_address>0x3f5c00</run_address>
         <size>0x24</size>
         <input_file_ref idref="fl-45"/>
      </object_component>
      <object_component id="oc-104">
         <name>.text</name>
         <load_address>0x3f5c24</load_address>
         <run_address>0x3f5c24</run_address>
         <size>0x21</size>
         <input_file_ref idref="fl-2e"/>
      </object_component>
      <object_component id="oc-109">
         <name>.text</name>
         <load_address>0x3f5c45</load_address>
         <run_address>0x3f5c45</run_address>
         <size>0x1f</size>
         <input_file_ref idref="fl-2f"/>
      </object_component>
      <object_component id="oc-113">
         <name>.text</name>
         <load_address>0x3f5c64</load_address>
         <run_address>0x3f5c64</run_address>
         <size>0x1e</size>
         <input_file_ref idref="fl-31"/>
      </object_component>
      <object_component id="oc-11d">
         <name>.text</name>
         <load_address>0x3f5c82</load_address>
         <run_address>0x3f5c82</run_address>
         <size>0x1d</size>
         <input_file_ref idref="fl-33"/>
      </object_component>
      <object_component id="oc-142">
         <name>.text</name>
         <load_address>0x3f5c9f</load_address>
         <run_address>0x3f5c9f</run_address>
         <size>0x1d</size>
         <input_file_ref idref="fl-23"/>
      </object_component>
      <object_component id="oc-127">
         <name>.text</name>
         <load_address>0x3f5cbc</load_address>
         <run_address>0x3f5cbc</run_address>
         <size>0x1c</size>
         <input_file_ref idref="fl-35"/>
      </object_component>
      <object_component id="oc-122">
         <name>.text</name>
         <load_address>0x3f5cd8</load_address>
         <run_address>0x3f5cd8</run_address>
         <size>0x1c</size>
         <input_file_ref idref="fl-34"/>
      </object_component>
      <object_component id="oc-10e">
         <name>.text</name>
         <load_address>0x3f5cf4</load_address>
         <run_address>0x3f5cf4</run_address>
         <size>0x18</size>
         <input_file_ref idref="fl-30"/>
      </object_component>
      <object_component id="oc-13e">
         <name>.text</name>
         <load_address>0x3f5d0c</load_address>
         <run_address>0x3f5d0c</run_address>
         <size>0x12</size>
         <input_file_ref idref="fl-28"/>
      </object_component>
      <object_component id="oc-14a">
         <name>.text</name>
         <load_address>0x3f5d1e</load_address>
         <run_address>0x3f5d1e</run_address>
         <size>0x11</size>
         <input_file_ref idref="fl-b"/>
      </object_component>
      <object_component id="oc-156">
         <name>.text</name>
         <load_address>0x3f5d2f</load_address>
         <run_address>0x3f5d2f</run_address>
         <size>0x10</size>
         <input_file_ref idref="fl-3a"/>
      </object_component>
      <object_component id="oc-ff">
         <name>.text</name>
         <load_address>0x3f5d3f</load_address>
         <run_address>0x3f5d3f</run_address>
         <size>0xe</size>
         <input_file_ref idref="fl-2d"/>
      </object_component>
      <object_component id="oc-15c">
         <name>.text</name>
         <load_address>0x3f5d4d</load_address>
         <run_address>0x3f5d4d</run_address>
         <size>0xc</size>
         <input_file_ref idref="fl-3c"/>
      </object_component>
      <object_component id="oc-d3">
         <name>.text</name>
         <load_address>0x3f5d59</load_address>
         <run_address>0x3f5d59</run_address>
         <size>0xb</size>
         <input_file_ref idref="fl-21"/>
      </object_component>
      <object_component id="oc-fa">
         <name>.text</name>
         <load_address>0x3f5d64</load_address>
         <run_address>0x3f5d64</run_address>
         <size>0x9</size>
         <input_file_ref idref="fl-2c"/>
      </object_component>
      <object_component id="oc-157">
         <name>.text</name>
         <load_address>0x3f5d6d</load_address>
         <run_address>0x3f5d6d</run_address>
         <size>0x9</size>
         <input_file_ref idref="fl-41"/>
      </object_component>
      <object_component id="oc-a3">
         <name>.text</name>
         <load_address>0x3f5d76</load_address>
         <run_address>0x3f5d76</run_address>
         <size>0x8</size>
         <input_file_ref idref="fl-4"/>
      </object_component>
      <object_component id="oc-152">
         <name>.text</name>
         <load_address>0x3f5d7e</load_address>
         <run_address>0x3f5d7e</run_address>
         <size>0x8</size>
         <input_file_ref idref="fl-3e"/>
      </object_component>
      <object_component id="oc-153">
         <name>.text</name>
         <load_address>0x3f5d86</load_address>
         <run_address>0x3f5d86</run_address>
         <size>0x7</size>
         <input_file_ref idref="fl-3b"/>
      </object_component>
      <object_component id="oc-154">
         <name>.text</name>
         <load_address>0x3f5d8d</load_address>
         <run_address>0x3f5d8d</run_address>
         <size>0x5</size>
         <input_file_ref idref="fl-3d"/>
      </object_component>
      <object_component id="oc-13b">
         <name>.text</name>
         <load_address>0x3f5d92</load_address>
         <run_address>0x3f5d92</run_address>
         <size>0x2</size>
         <input_file_ref idref="fl-24"/>
      </object_component>
      <object_component id="oc-14c">
         <name>.text</name>
         <load_address>0x3f5d94</load_address>
         <run_address>0x3f5d94</run_address>
         <size>0x1</size>
         <input_file_ref idref="fl-27"/>
      </object_component>
      <object_component id="oc-13d">
         <name>.text</name>
         <load_address>0x3f5d95</load_address>
         <run_address>0x3f5d95</run_address>
         <size>0x1</size>
         <input_file_ref idref="fl-25"/>
      </object_component>
      <object_component id="oc-a4">
         <name>codestart</name>
         <load_address>0x3f7ff6</load_address>
         <run_address>0x3f7ff6</run_address>
         <size>0x2</size>
         <input_file_ref idref="fl-4"/>
      </object_component>
      <object_component id="oc-149">
         <name>ramfuncs</name>
         <load_address>0x3e8000</load_address>
         <run_address>0x8000</run_address>
         <size>0x1d</size>
         <input_file_ref idref="fl-d"/>
      </object_component>
      <object_component id="oc-c8">
         <name>ramfuncs</name>
         <load_address>0x3e801d</load_address>
         <run_address>0x801d</run_address>
         <size>0x4</size>
         <input_file_ref idref="fl-e"/>
      </object_component>
      <object_component id="oc-cd">
         <name>.stack</name>
         <uninitialized>true</uninitialized>
         <run_address>0x50</run_address>
         <size>0x0</size>
         <input_file_ref idref="fl-20"/>
      </object_component>
      <object_component id="oc-1b8">
         <name>.stack</name>
         <uninitialized>true</uninitialized>
         <run_address>0x50</run_address>
         <size>0x0</size>
      </object_component>
      <object_component id="oc-97">
         <name>.ebss</name>
         <uninitialized>true</uninitialized>
         <run_address>0xa02e</run_address>
         <size>0x3</size>
         <input_file_ref idref="fl-2"/>
      </object_component>
      <object_component id="oc-140">
         <name>.ebss:_Voltage</name>
         <uninitialized>true</uninitialized>
         <run_address>0xa018</run_address>
         <size>0x10</size>
         <input_file_ref idref="fl-2"/>
      </object_component>
      <object_component id="oc-df">
         <name>.ebss</name>
         <uninitialized>true</uninitialized>
         <run_address>0xa028</run_address>
         <size>0x6</size>
         <input_file_ref idref="fl-26"/>
      </object_component>
      <object_component id="oc-59">
         <name>.ebss</name>
         <uninitialized>true</uninitialized>
         <run_address>0xa031</run_address>
         <size>0x1</size>
         <input_file_ref idref="fl-44"/>
      </object_component>
      <object_component id="oc-143">
         <name>.ebss:__lock</name>
         <uninitialized>true</uninitialized>
         <run_address>0xa032</run_address>
         <size>0x2</size>
         <input_file_ref idref="fl-27"/>
      </object_component>
      <object_component id="oc-150">
         <name>.ebss:__unlock</name>
         <uninitialized>true</uninitialized>
         <run_address>0xa034</run_address>
         <size>0x2</size>
         <input_file_ref idref="fl-27"/>
      </object_component>
      <object_component id="oc-61">
         <name>.ebss</name>
         <uninitialized>true</uninitialized>
         <run_address>0xa000</run_address>
         <size>0x18</size>
         <input_file_ref idref="fl-5"/>
      </object_component>
      <object_component id="oc-158">
         <name>.econst:.string:__ctypes_</name>
         <load_address>0x3f5d96</load_address>
         <run_address>0x3f5d96</run_address>
         <size>0x101</size>
         <input_file_ref idref="fl-39"/>
      </object_component>
      <object_component id="oc-14f">
         <name>.econst:_PieVectTableInit</name>
         <load_address>0x3f5e98</load_address>
         <run_address>0x3f5e98</run_address>
         <size>0x100</size>
         <input_file_ref idref="fl-b"/>
      </object_component>
      <object_component id="oc-99">
         <name>.econst:.string</name>
         <load_address>0x3f5f98</load_address>
         <run_address>0x3f5f98</run_address>
         <size>0x39</size>
         <input_file_ref idref="fl-2"/>
      </object_component>
      <object_component id="oc-eb">
         <name>.econst:.string</name>
         <load_address>0x3f5fd2</load_address>
         <run_address>0x3f5fd2</run_address>
         <size>0x26</size>
         <input_file_ref idref="fl-29"/>
      </object_component>
      <object_component id="oc-ea">
         <name>.econst</name>
         <load_address>0x3f5ff8</load_address>
         <run_address>0x3f5ff8</run_address>
         <size>0x1c</size>
         <input_file_ref idref="fl-29"/>
      </object_component>
      <object_component id="oc-91">
         <name>.econst</name>
         <load_address>0x3f6014</load_address>
         <run_address>0x3f6014</run_address>
         <size>0x10</size>
         <input_file_ref idref="fl-46"/>
      </object_component>
      <object_component id="oc-ce">
         <name>.reset</name>
         <load_address>0x3fffc0</load_address>
         <run_address>0x3fffc0</run_address>
         <size>0x2</size>
         <input_file_ref idref="fl-20"/>
      </object_component>
      <object_component id="oc-8f">
         <name>PieVectTableFile</name>
         <uninitialized>true</uninitialized>
         <run_address>0xd00</run_address>
         <size>0x100</size>
         <input_file_ref idref="fl-7"/>
      </object_component>
      <object_component id="oc-57">
         <name>EmuKeyVar</name>
         <uninitialized>true</uninitialized>
         <run_address>0xd00</run_address>
         <size>0x1</size>
         <input_file_ref idref="fl-7"/>
      </object_component>
      <object_component id="oc-58">
         <name>EmuBModeVar</name>
         <uninitialized>true</uninitialized>
         <run_address>0xd01</run_address>
         <size>0x1</size>
         <input_file_ref idref="fl-7"/>
      </object_component>
      <object_component id="oc-5b">
         <name>FlashCallbackVar</name>
         <uninitialized>true</uninitialized>
         <run_address>0xd02</run_address>
         <size>0x2</size>
         <input_file_ref idref="fl-7"/>
      </object_component>
      <object_component id="oc-5a">
         <name>FlashScalingVar</name>
         <uninitialized>true</uninitialized>
         <run_address>0xd04</run_address>
         <size>0x2</size>
         <input_file_ref idref="fl-7"/>
      </object_component>
      <object_component id="oc-5d">
         <name>DevEmuRegsFile</name>
         <uninitialized>true</uninitialized>
         <run_address>0x880</run_address>
         <size>0x4</size>
         <input_file_ref idref="fl-7"/>
      </object_component>
      <object_component id="oc-5c">
         <name>SysPwrCtrlRegsFile</name>
         <uninitialized>true</uninitialized>
         <run_address>0x985</run_address>
         <size>0x3</size>
         <input_file_ref idref="fl-7"/>
      </object_component>
      <object_component id="oc-63">
         <name>FlashRegsFile</name>
         <uninitialized>true</uninitialized>
         <run_address>0xa80</run_address>
         <size>0x8</size>
         <input_file_ref idref="fl-7"/>
      </object_component>
      <object_component id="oc-65">
         <name>CsmRegsFile</name>
         <uninitialized>true</uninitialized>
         <run_address>0xae0</run_address>
         <size>0x10</size>
         <input_file_ref idref="fl-7"/>
      </object_component>
      <object_component id="oc-64">
         <name>AdcResultFile</name>
         <uninitialized>true</uninitialized>
         <run_address>0xb00</run_address>
         <size>0x10</size>
         <input_file_ref idref="fl-7"/>
      </object_component>
      <object_component id="oc-5e">
         <name>CpuTimer0RegsFile</name>
         <uninitialized>true</uninitialized>
         <run_address>0xc00</run_address>
         <size>0x8</size>
         <input_file_ref idref="fl-7"/>
      </object_component>
      <object_component id="oc-5f">
         <name>CpuTimer1RegsFile</name>
         <uninitialized>true</uninitialized>
         <run_address>0xc08</run_address>
         <size>0x8</size>
         <input_file_ref idref="fl-7"/>
      </object_component>
      <object_component id="oc-60">
         <name>CpuTimer2RegsFile</name>
         <uninitialized>true</uninitialized>
         <run_address>0xc10</run_address>
         <size>0x8</size>
         <input_file_ref idref="fl-7"/>
      </object_component>
      <object_component id="oc-6f">
         <name>PieCtrlRegsFile</name>
         <uninitialized>true</uninitialized>
         <run_address>0xce0</run_address>
         <size>0x1a</size>
         <input_file_ref idref="fl-7"/>
      </object_component>
      <object_component id="oc-7f">
         <name>Cla1RegsFile</name>
         <uninitialized>true</uninitialized>
         <run_address>0x1400</run_address>
         <size>0x40</size>
         <input_file_ref idref="fl-7"/>
      </object_component>
      <object_component id="oc-8d">
         <name>DmaRegsFile</name>
         <uninitialized>true</uninitialized>
         <run_address>0x1000</run_address>
         <size>0xe0</size>
         <input_file_ref idref="fl-7"/>
      </object_component>
      <object_component id="oc-7e">
         <name>ECanaRegsFile</name>
         <uninitialized>true</uninitialized>
         <run_address>0x6000</run_address>
         <size>0x34</size>
         <input_file_ref idref="fl-7"/>
      </object_component>
      <object_component id="oc-80">
         <name>ECanaLAMRegsFile</name>
         <uninitialized>true</uninitialized>
         <run_address>0x6040</run_address>
         <size>0x40</size>
         <input_file_ref idref="fl-7"/>
      </object_component>
      <object_component id="oc-8e">
         <name>ECanaMboxesFile</name>
         <uninitialized>true</uninitialized>
         <run_address>0x6100</run_address>
         <size>0x100</size>
         <input_file_ref idref="fl-7"/>
      </object_component>
      <object_component id="oc-81">
         <name>ECanaMOTSRegsFile</name>
         <uninitialized>true</uninitialized>
         <run_address>0x6080</run_address>
         <size>0x40</size>
         <input_file_ref idref="fl-7"/>
      </object_component>
      <object_component id="oc-82">
         <name>ECanaMOTORegsFile</name>
         <uninitialized>true</uninitialized>
         <run_address>0x60c0</run_address>
         <size>0x40</size>
         <input_file_ref idref="fl-7"/>
      </object_component>
      <object_component id="oc-70">
         <name>ECap1RegsFile</name>
         <uninitialized>true</uninitialized>
         <run_address>0x6a00</run_address>
         <size>0x20</size>
         <input_file_ref idref="fl-7"/>
      </object_component>
      <object_component id="oc-71">
         <name>ECap2RegsFile</name>
         <uninitialized>true</uninitialized>
         <run_address>0x6a20</run_address>
         <size>0x20</size>
         <input_file_ref idref="fl-7"/>
      </object_component>
      <object_component id="oc-72">
         <name>ECap3RegsFile</name>
         <uninitialized>true</uninitialized>
         <run_address>0x6a40</run_address>
         <size>0x20</size>
         <input_file_ref idref="fl-7"/>
      </object_component>
      <object_component id="oc-79">
         <name>EQep1RegsFile</name>
         <uninitialized>true</uninitialized>
         <run_address>0x6b00</run_address>
         <size>0x22</size>
         <input_file_ref idref="fl-7"/>
      </object_component>
      <object_component id="oc-7a">
         <name>EQep2RegsFile</name>
         <uninitialized>true</uninitialized>
         <run_address>0x6b40</run_address>
         <size>0x22</size>
         <input_file_ref idref="fl-7"/>
      </object_component>
      <object_component id="oc-8b">
         <name>GpioCtrlRegsFile</name>
         <uninitialized>true</uninitialized>
         <run_address>0x6f80</run_address>
         <size>0x40</size>
         <input_file_ref idref="fl-7"/>
      </object_component>
      <object_component id="oc-73">
         <name>GpioDataRegsFile</name>
         <uninitialized>true</uninitialized>
         <run_address>0x6fc0</run_address>
         <size>0x20</size>
         <input_file_ref idref="fl-7"/>
      </object_component>
      <object_component id="oc-74">
         <name>GpioIntRegsFile</name>
         <uninitialized>true</uninitialized>
         <run_address>0x6fe0</run_address>
         <size>0x20</size>
         <input_file_ref idref="fl-7"/>
      </object_component>
      <object_component id="oc-75">
         <name>HRCap1RegsFile</name>
         <uninitialized>true</uninitialized>
         <run_address>0x6ac0</run_address>
         <size>0x20</size>
         <input_file_ref idref="fl-7"/>
      </object_component>
      <object_component id="oc-76">
         <name>HRCap2RegsFile</name>
         <uninitialized>true</uninitialized>
         <run_address>0x6ae0</run_address>
         <size>0x20</size>
         <input_file_ref idref="fl-7"/>
      </object_component>
      <object_component id="oc-77">
         <name>HRCap3RegsFile</name>
         <uninitialized>true</uninitialized>
         <run_address>0x6c80</run_address>
         <size>0x20</size>
         <input_file_ref idref="fl-7"/>
      </object_component>
      <object_component id="oc-78">
         <name>HRCap4RegsFile</name>
         <uninitialized>true</uninitialized>
         <run_address>0x6ca0</run_address>
         <size>0x20</size>
         <input_file_ref idref="fl-7"/>
      </object_component>
      <object_component id="oc-7d">
         <name>SysCtrlRegsFile</name>
         <uninitialized>true</uninitialized>
         <run_address>0x7010</run_address>
         <size>0x30</size>
         <input_file_ref idref="fl-7"/>
      </object_component>
      <object_component id="oc-69">
         <name>SpiaRegsFile</name>
         <uninitialized>true</uninitialized>
         <run_address>0x7040</run_address>
         <size>0x10</size>
         <input_file_ref idref="fl-7"/>
      </object_component>
      <object_component id="oc-6a">
         <name>SpibRegsFile</name>
         <uninitialized>true</uninitialized>
         <run_address>0x7740</run_address>
         <size>0x10</size>
         <input_file_ref idref="fl-7"/>
      </object_component>
      <object_component id="oc-67">
         <name>SciaRegsFile</name>
         <uninitialized>true</uninitialized>
         <run_address>0x7050</run_address>
         <size>0x10</size>
         <input_file_ref idref="fl-7"/>
      </object_component>
      <object_component id="oc-68">
         <name>ScibRegsFile</name>
         <uninitialized>true</uninitialized>
         <run_address>0x7750</run_address>
         <size>0x10</size>
         <input_file_ref idref="fl-7"/>
      </object_component>
      <object_component id="oc-66">
         <name>NmiIntruptRegsFile</name>
         <uninitialized>true</uninitialized>
         <run_address>0x7060</run_address>
         <size>0x10</size>
         <input_file_ref idref="fl-7"/>
      </object_component>
      <object_component id="oc-6b">
         <name>XIntruptRegsFile</name>
         <uninitialized>true</uninitialized>
         <run_address>0x7070</run_address>
         <size>0x10</size>
         <input_file_ref idref="fl-7"/>
      </object_component>
      <object_component id="oc-8c">
         <name>AdcRegsFile</name>
         <uninitialized>true</uninitialized>
         <run_address>0x7100</run_address>
         <size>0x50</size>
         <input_file_ref idref="fl-7"/>
      </object_component>
      <object_component id="oc-7b">
         <name>I2caRegsFile</name>
         <uninitialized>true</uninitialized>
         <run_address>0x7900</run_address>
         <size>0x22</size>
         <input_file_ref idref="fl-7"/>
      </object_component>
      <object_component id="oc-6c">
         <name>Comp1RegsFile</name>
         <uninitialized>true</uninitialized>
         <run_address>0x6400</run_address>
         <size>0x14</size>
         <input_file_ref idref="fl-7"/>
      </object_component>
      <object_component id="oc-6d">
         <name>Comp2RegsFile</name>
         <uninitialized>true</uninitialized>
         <run_address>0x6420</run_address>
         <size>0x14</size>
         <input_file_ref idref="fl-7"/>
      </object_component>
      <object_component id="oc-6e">
         <name>Comp3RegsFile</name>
         <uninitialized>true</uninitialized>
         <run_address>0x6440</run_address>
         <size>0x14</size>
         <input_file_ref idref="fl-7"/>
      </object_component>
      <object_component id="oc-83">
         <name>EPwm1RegsFile</name>
         <uninitialized>true</uninitialized>
         <run_address>0x6800</run_address>
         <size>0x40</size>
         <input_file_ref idref="fl-7"/>
      </object_component>
      <object_component id="oc-84">
         <name>EPwm2RegsFile</name>
         <uninitialized>true</uninitialized>
         <run_address>0x6840</run_address>
         <size>0x40</size>
         <input_file_ref idref="fl-7"/>
      </object_component>
      <object_component id="oc-85">
         <name>EPwm3RegsFile</name>
         <uninitialized>true</uninitialized>
         <run_address>0x6880</run_address>
         <size>0x40</size>
         <input_file_ref idref="fl-7"/>
      </object_component>
      <object_component id="oc-86">
         <name>EPwm4RegsFile</name>
         <uninitialized>true</uninitialized>
         <run_address>0x68c0</run_address>
         <size>0x40</size>
         <input_file_ref idref="fl-7"/>
      </object_component>
      <object_component id="oc-87">
         <name>EPwm5RegsFile</name>
         <uninitialized>true</uninitialized>
         <run_address>0x6900</run_address>
         <size>0x40</size>
         <input_file_ref idref="fl-7"/>
      </object_component>
      <object_component id="oc-88">
         <name>EPwm6RegsFile</name>
         <uninitialized>true</uninitialized>
         <run_address>0x6940</run_address>
         <size>0x40</size>
         <input_file_ref idref="fl-7"/>
      </object_component>
      <object_component id="oc-89">
         <name>EPwm7RegsFile</name>
         <uninitialized>true</uninitialized>
         <run_address>0x6980</run_address>
         <size>0x40</size>
         <input_file_ref idref="fl-7"/>
      </object_component>
      <object_component id="oc-8a">
         <name>EPwm8RegsFile</name>
         <uninitialized>true</uninitialized>
         <run_address>0x69c0</run_address>
         <size>0x40</size>
         <input_file_ref idref="fl-7"/>
      </object_component>
      <object_component id="oc-7c">
         <name>McbspaRegsFile</name>
         <uninitialized>true</uninitialized>
         <run_address>0x5000</run_address>
         <size>0x24</size>
         <input_file_ref idref="fl-7"/>
      </object_component>
      <object_component id="oc-90">
         <name>Usb0RegsFile</name>
         <uninitialized>true</uninitialized>
         <run_address>0x4000</run_address>
         <size>0x454</size>
         <input_file_ref idref="fl-7"/>
      </object_component>
      <object_component id="oc-62">
         <name>CsmPwlFile</name>
         <uninitialized>true</uninitialized>
         <run_address>0x3f7ff8</run_address>
         <size>0x8</size>
         <input_file_ref idref="fl-7"/>
      </object_component>
      <object_component id="oc-56">
         <name>PartIdRegsFile</name>
         <uninitialized>true</uninitialized>
         <run_address>0x3d7e80</run_address>
         <size>0x1</size>
         <input_file_ref idref="fl-7"/>
      </object_component>
      <object_component id="oc-96">
         <name>.debug_info</name>
         <load_address>0x0</load_address>
         <run_address>0x0</run_address>
         <size>0x823e</size>
         <input_file_ref idref="fl-2"/>
      </object_component>
      <object_component id="oc-9e">
         <name>.debug_info</name>
         <load_address>0x823e</load_address>
         <run_address>0x823e</run_address>
         <size>0x4e5b</size>
         <input_file_ref idref="fl-3"/>
      </object_component>
      <object_component id="oc-a6">
         <name>.debug_info</name>
         <load_address>0xd099</load_address>
         <run_address>0xd099</run_address>
         <size>0x117</size>
         <input_file_ref idref="fl-4"/>
      </object_component>
      <object_component id="oc-a9">
         <name>.debug_info</name>
         <load_address>0xd1b0</load_address>
         <run_address>0xd1b0</run_address>
         <size>0x2380</size>
         <input_file_ref idref="fl-6"/>
      </object_component>
      <object_component id="oc-af">
         <name>.debug_info</name>
         <load_address>0xf530</load_address>
         <run_address>0xf530</run_address>
         <size>0x18af</size>
         <input_file_ref idref="fl-8"/>
      </object_component>
      <object_component id="oc-b4">
         <name>.debug_info</name>
         <load_address>0x10ddf</load_address>
         <run_address>0x10ddf</run_address>
         <size>0xb17</size>
         <input_file_ref idref="fl-a"/>
      </object_component>
      <object_component id="oc-b9">
         <name>.debug_info</name>
         <load_address>0x118f6</load_address>
         <run_address>0x118f6</run_address>
         <size>0x2448</size>
         <input_file_ref idref="fl-b"/>
      </object_component>
      <object_component id="oc-be">
         <name>.debug_info</name>
         <load_address>0x13d3e</load_address>
         <run_address>0x13d3e</run_address>
         <size>0x19de</size>
         <input_file_ref idref="fl-c"/>
      </object_component>
      <object_component id="oc-c3">
         <name>.debug_info</name>
         <load_address>0x1571c</load_address>
         <run_address>0x1571c</run_address>
         <size>0x28d4</size>
         <input_file_ref idref="fl-d"/>
      </object_component>
      <object_component id="oc-ca">
         <name>.debug_info</name>
         <load_address>0x17ff0</load_address>
         <run_address>0x17ff0</run_address>
         <size>0xe2</size>
         <input_file_ref idref="fl-e"/>
      </object_component>
      <object_component id="oc-cf">
         <name>.debug_info</name>
         <load_address>0x180d2</load_address>
         <run_address>0x180d2</run_address>
         <size>0x173</size>
         <input_file_ref idref="fl-20"/>
      </object_component>
      <object_component id="oc-d4">
         <name>.debug_info</name>
         <load_address>0x18245</load_address>
         <run_address>0x18245</run_address>
         <size>0x141</size>
         <input_file_ref idref="fl-21"/>
      </object_component>
      <object_component id="oc-d8">
         <name>.debug_info</name>
         <load_address>0x18386</load_address>
         <run_address>0x18386</run_address>
         <size>0x3aa</size>
         <input_file_ref idref="fl-25"/>
      </object_component>
      <object_component id="oc-dd">
         <name>.debug_info</name>
         <load_address>0x18730</load_address>
         <run_address>0x18730</run_address>
         <size>0x544</size>
         <input_file_ref idref="fl-26"/>
      </object_component>
      <object_component id="oc-e4">
         <name>.debug_info</name>
         <load_address>0x18c74</load_address>
         <run_address>0x18c74</run_address>
         <size>0x467</size>
         <input_file_ref idref="fl-28"/>
      </object_component>
      <object_component id="oc-e9">
         <name>.debug_info</name>
         <load_address>0x190db</load_address>
         <run_address>0x190db</run_address>
         <size>0x2a4f</size>
         <input_file_ref idref="fl-29"/>
      </object_component>
      <object_component id="oc-f1">
         <name>.debug_info</name>
         <load_address>0x1bb2a</load_address>
         <run_address>0x1bb2a</run_address>
         <size>0x120</size>
         <input_file_ref idref="fl-2a"/>
      </object_component>
      <object_component id="oc-f6">
         <name>.debug_info</name>
         <load_address>0x1bc4a</load_address>
         <run_address>0x1bc4a</run_address>
         <size>0x114</size>
         <input_file_ref idref="fl-2b"/>
      </object_component>
      <object_component id="oc-fb">
         <name>.debug_info</name>
         <load_address>0x1bd5e</load_address>
         <run_address>0x1bd5e</run_address>
         <size>0x114</size>
         <input_file_ref idref="fl-2c"/>
      </object_component>
      <object_component id="oc-100">
         <name>.debug_info</name>
         <load_address>0x1be72</load_address>
         <run_address>0x1be72</run_address>
         <size>0x122</size>
         <input_file_ref idref="fl-2d"/>
      </object_component>
      <object_component id="oc-105">
         <name>.debug_info</name>
         <load_address>0x1bf94</load_address>
         <run_address>0x1bf94</run_address>
         <size>0x114</size>
         <input_file_ref idref="fl-2e"/>
      </object_component>
      <object_component id="oc-10a">
         <name>.debug_info</name>
         <load_address>0x1c0a8</load_address>
         <run_address>0x1c0a8</run_address>
         <size>0x114</size>
         <input_file_ref idref="fl-2f"/>
      </object_component>
      <object_component id="oc-10f">
         <name>.debug_info</name>
         <load_address>0x1c1bc</load_address>
         <run_address>0x1c1bc</run_address>
         <size>0x176</size>
         <input_file_ref idref="fl-30"/>
      </object_component>
      <object_component id="oc-114">
         <name>.debug_info</name>
         <load_address>0x1c332</load_address>
         <run_address>0x1c332</run_address>
         <size>0x14e</size>
         <input_file_ref idref="fl-31"/>
      </object_component>
      <object_component id="oc-119">
         <name>.debug_info</name>
         <load_address>0x1c480</load_address>
         <run_address>0x1c480</run_address>
         <size>0x231</size>
         <input_file_ref idref="fl-32"/>
      </object_component>
      <object_component id="oc-11e">
         <name>.debug_info</name>
         <load_address>0x1c6b1</load_address>
         <run_address>0x1c6b1</run_address>
         <size>0x118</size>
         <input_file_ref idref="fl-33"/>
      </object_component>
      <object_component id="oc-123">
         <name>.debug_info</name>
         <load_address>0x1c7c9</load_address>
         <run_address>0x1c7c9</run_address>
         <size>0x118</size>
         <input_file_ref idref="fl-34"/>
      </object_component>
      <object_component id="oc-128">
         <name>.debug_info</name>
         <load_address>0x1c8e1</load_address>
         <run_address>0x1c8e1</run_address>
         <size>0x11a</size>
         <input_file_ref idref="fl-35"/>
      </object_component>
      <object_component id="oc-12d">
         <name>.debug_info</name>
         <load_address>0x1c9fb</load_address>
         <run_address>0x1c9fb</run_address>
         <size>0x114</size>
         <input_file_ref idref="fl-36"/>
      </object_component>
      <object_component id="oc-132">
         <name>.debug_info</name>
         <load_address>0x1cb0f</load_address>
         <run_address>0x1cb0f</run_address>
         <size>0x114</size>
         <input_file_ref idref="fl-42"/>
      </object_component>
      <object_component id="oc-137">
         <name>.debug_info</name>
         <load_address>0x1cc23</load_address>
         <run_address>0x1cc23</run_address>
         <size>0x1a5</size>
         <input_file_ref idref="fl-43"/>
      </object_component>
      <object_component id="oc-54">
         <name>.debug_info</name>
         <load_address>0x1cdc8</load_address>
         <run_address>0x1cdc8</run_address>
         <size>0x1c4f5</size>
         <input_file_ref idref="fl-46"/>
      </object_component>
      <object_component id="oc-1b9">
         <name>.debug_info</name>
         <load_address>0x392bd</load_address>
         <run_address>0x392bd</run_address>
         <size>0x9f</size>
      </object_component>
      <object_component id="oc-9a">
         <name>.debug_frame</name>
         <load_address>0x0</load_address>
         <run_address>0x0</run_address>
         <size>0x188</size>
         <input_file_ref idref="fl-2"/>
      </object_component>
      <object_component id="oc-9f">
         <name>.debug_frame</name>
         <load_address>0x188</load_address>
         <run_address>0x188</run_address>
         <size>0xa8</size>
         <input_file_ref idref="fl-3"/>
      </object_component>
      <object_component id="oc-ab">
         <name>.debug_frame</name>
         <load_address>0x230</load_address>
         <run_address>0x230</run_address>
         <size>0xbb0</size>
         <input_file_ref idref="fl-6"/>
      </object_component>
      <object_component id="oc-b0">
         <name>.debug_frame</name>
         <load_address>0xde0</load_address>
         <run_address>0xde0</run_address>
         <size>0x28</size>
         <input_file_ref idref="fl-8"/>
      </object_component>
      <object_component id="oc-b5">
         <name>.debug_frame</name>
         <load_address>0xe08</load_address>
         <run_address>0xe08</run_address>
         <size>0x58</size>
         <input_file_ref idref="fl-a"/>
      </object_component>
      <object_component id="oc-ba">
         <name>.debug_frame</name>
         <load_address>0xe60</load_address>
         <run_address>0xe60</run_address>
         <size>0x40</size>
         <input_file_ref idref="fl-b"/>
      </object_component>
      <object_component id="oc-bf">
         <name>.debug_frame</name>
         <load_address>0xea0</load_address>
         <run_address>0xea0</run_address>
         <size>0x88</size>
         <input_file_ref idref="fl-c"/>
      </object_component>
      <object_component id="oc-c4">
         <name>.debug_frame</name>
         <load_address>0xf28</load_address>
         <run_address>0xf28</run_address>
         <size>0x14c</size>
         <input_file_ref idref="fl-d"/>
      </object_component>
      <object_component id="oc-d9">
         <name>.debug_frame</name>
         <load_address>0x1074</load_address>
         <run_address>0x1074</run_address>
         <size>0x40</size>
         <input_file_ref idref="fl-25"/>
      </object_component>
      <object_component id="oc-e0">
         <name>.debug_frame</name>
         <load_address>0x10b4</load_address>
         <run_address>0x10b4</run_address>
         <size>0x60</size>
         <input_file_ref idref="fl-26"/>
      </object_component>
      <object_component id="oc-e5">
         <name>.debug_frame</name>
         <load_address>0x1114</load_address>
         <run_address>0x1114</run_address>
         <size>0x40</size>
         <input_file_ref idref="fl-28"/>
      </object_component>
      <object_component id="oc-ec">
         <name>.debug_frame</name>
         <load_address>0x1154</load_address>
         <run_address>0x1154</run_address>
         <size>0x434</size>
         <input_file_ref idref="fl-29"/>
      </object_component>
      <object_component id="oc-92">
         <name>.debug_frame</name>
         <load_address>0x1588</load_address>
         <run_address>0x1588</run_address>
         <size>0x250</size>
         <input_file_ref idref="fl-46"/>
      </object_component>
      <object_component id="oc-9b">
         <name>.debug_line</name>
         <load_address>0x0</load_address>
         <run_address>0x0</run_address>
         <size>0x2b4</size>
         <input_file_ref idref="fl-2"/>
      </object_component>
      <object_component id="oc-a0">
         <name>.debug_line</name>
         <load_address>0x2b4</load_address>
         <run_address>0x2b4</run_address>
         <size>0x255</size>
         <input_file_ref idref="fl-3"/>
      </object_component>
      <object_component id="oc-a5">
         <name>.debug_line</name>
         <load_address>0x509</load_address>
         <run_address>0x509</run_address>
         <size>0x5f</size>
         <input_file_ref idref="fl-4"/>
      </object_component>
      <object_component id="oc-ac">
         <name>.debug_line</name>
         <load_address>0x568</load_address>
         <run_address>0x568</run_address>
         <size>0x818</size>
         <input_file_ref idref="fl-6"/>
      </object_component>
      <object_component id="oc-b1">
         <name>.debug_line</name>
         <load_address>0xd80</load_address>
         <run_address>0xd80</run_address>
         <size>0x71</size>
         <input_file_ref idref="fl-8"/>
      </object_component>
      <object_component id="oc-b6">
         <name>.debug_line</name>
         <load_address>0xdf1</load_address>
         <run_address>0xdf1</run_address>
         <size>0x7a</size>
         <input_file_ref idref="fl-a"/>
      </object_component>
      <object_component id="oc-bb">
         <name>.debug_line</name>
         <load_address>0xe6b</load_address>
         <run_address>0xe6b</run_address>
         <size>0x54</size>
         <input_file_ref idref="fl-b"/>
      </object_component>
      <object_component id="oc-c0">
         <name>.debug_line</name>
         <load_address>0xebf</load_address>
         <run_address>0xebf</run_address>
         <size>0x8f</size>
         <input_file_ref idref="fl-c"/>
      </object_component>
      <object_component id="oc-c5">
         <name>.debug_line</name>
         <load_address>0xf4e</load_address>
         <run_address>0xf4e</run_address>
         <size>0x206</size>
         <input_file_ref idref="fl-d"/>
      </object_component>
      <object_component id="oc-c9">
         <name>.debug_line</name>
         <load_address>0x1154</load_address>
         <run_address>0x1154</run_address>
         <size>0x46</size>
         <input_file_ref idref="fl-e"/>
      </object_component>
      <object_component id="oc-d0">
         <name>.debug_line</name>
         <load_address>0x119a</load_address>
         <run_address>0x119a</run_address>
         <size>0x7e</size>
         <input_file_ref idref="fl-20"/>
      </object_component>
      <object_component id="oc-d5">
         <name>.debug_line</name>
         <load_address>0x1218</load_address>
         <run_address>0x1218</run_address>
         <size>0x52</size>
         <input_file_ref idref="fl-21"/>
      </object_component>
      <object_component id="oc-da">
         <name>.debug_line</name>
         <load_address>0x126a</load_address>
         <run_address>0x126a</run_address>
         <size>0x3a</size>
         <input_file_ref idref="fl-25"/>
      </object_component>
      <object_component id="oc-e1">
         <name>.debug_line</name>
         <load_address>0x12a4</load_address>
         <run_address>0x12a4</run_address>
         <size>0x65</size>
         <input_file_ref idref="fl-26"/>
      </object_component>
      <object_component id="oc-e6">
         <name>.debug_line</name>
         <load_address>0x1309</load_address>
         <run_address>0x1309</run_address>
         <size>0x4f</size>
         <input_file_ref idref="fl-28"/>
      </object_component>
      <object_component id="oc-ed">
         <name>.debug_line</name>
         <load_address>0x1358</load_address>
         <run_address>0x1358</run_address>
         <size>0xd1d</size>
         <input_file_ref idref="fl-29"/>
      </object_component>
      <object_component id="oc-f2">
         <name>.debug_line</name>
         <load_address>0x2075</load_address>
         <run_address>0x2075</run_address>
         <size>0x60</size>
         <input_file_ref idref="fl-2a"/>
      </object_component>
      <object_component id="oc-f7">
         <name>.debug_line</name>
         <load_address>0x20d5</load_address>
         <run_address>0x20d5</run_address>
         <size>0xa2</size>
         <input_file_ref idref="fl-2b"/>
      </object_component>
      <object_component id="oc-fc">
         <name>.debug_line</name>
         <load_address>0x2177</load_address>
         <run_address>0x2177</run_address>
         <size>0x45</size>
         <input_file_ref idref="fl-2c"/>
      </object_component>
      <object_component id="oc-101">
         <name>.debug_line</name>
         <load_address>0x21bc</load_address>
         <run_address>0x21bc</run_address>
         <size>0x49</size>
         <input_file_ref idref="fl-2d"/>
      </object_component>
      <object_component id="oc-106">
         <name>.debug_line</name>
         <load_address>0x2205</load_address>
         <run_address>0x2205</run_address>
         <size>0x59</size>
         <input_file_ref idref="fl-2e"/>
      </object_component>
      <object_component id="oc-10b">
         <name>.debug_line</name>
         <load_address>0x225e</load_address>
         <run_address>0x225e</run_address>
         <size>0x58</size>
         <input_file_ref idref="fl-2f"/>
      </object_component>
      <object_component id="oc-110">
         <name>.debug_line</name>
         <load_address>0x22b6</load_address>
         <run_address>0x22b6</run_address>
         <size>0x6c</size>
         <input_file_ref idref="fl-30"/>
      </object_component>
      <object_component id="oc-115">
         <name>.debug_line</name>
         <load_address>0x2322</load_address>
         <run_address>0x2322</run_address>
         <size>0x63</size>
         <input_file_ref idref="fl-31"/>
      </object_component>
      <object_component id="oc-11a">
         <name>.debug_line</name>
         <load_address>0x2385</load_address>
         <run_address>0x2385</run_address>
         <size>0x16b</size>
         <input_file_ref idref="fl-32"/>
      </object_component>
      <object_component id="oc-11f">
         <name>.debug_line</name>
         <load_address>0x24f0</load_address>
         <run_address>0x24f0</run_address>
         <size>0x57</size>
         <input_file_ref idref="fl-33"/>
      </object_component>
      <object_component id="oc-124">
         <name>.debug_line</name>
         <load_address>0x2547</load_address>
         <run_address>0x2547</run_address>
         <size>0x56</size>
         <input_file_ref idref="fl-34"/>
      </object_component>
      <object_component id="oc-129">
         <name>.debug_line</name>
         <load_address>0x259d</load_address>
         <run_address>0x259d</run_address>
         <size>0x58</size>
         <input_file_ref idref="fl-35"/>
      </object_component>
      <object_component id="oc-12e">
         <name>.debug_line</name>
         <load_address>0x25f5</load_address>
         <run_address>0x25f5</run_address>
         <size>0xb3</size>
         <input_file_ref idref="fl-36"/>
      </object_component>
      <object_component id="oc-133">
         <name>.debug_line</name>
         <load_address>0x26a8</load_address>
         <run_address>0x26a8</run_address>
         <size>0xc4</size>
         <input_file_ref idref="fl-42"/>
      </object_component>
      <object_component id="oc-138">
         <name>.debug_line</name>
         <load_address>0x276c</load_address>
         <run_address>0x276c</run_address>
         <size>0x8e</size>
         <input_file_ref idref="fl-43"/>
      </object_component>
      <object_component id="oc-93">
         <name>.debug_line</name>
         <load_address>0x27fa</load_address>
         <run_address>0x27fa</run_address>
         <size>0x404</size>
         <input_file_ref idref="fl-46"/>
      </object_component>
      <object_component id="oc-9c">
         <name>.debug_abbrev</name>
         <load_address>0x0</load_address>
         <run_address>0x0</run_address>
         <size>0x1e5</size>
         <input_file_ref idref="fl-2"/>
      </object_component>
      <object_component id="oc-a1">
         <name>.debug_abbrev</name>
         <load_address>0x1e5</load_address>
         <run_address>0x1e5</run_address>
         <size>0x155</size>
         <input_file_ref idref="fl-3"/>
      </object_component>
      <object_component id="oc-a7">
         <name>.debug_abbrev</name>
         <load_address>0x33a</load_address>
         <run_address>0x33a</run_address>
         <size>0x21</size>
         <input_file_ref idref="fl-4"/>
      </object_component>
      <object_component id="oc-ad">
         <name>.debug_abbrev</name>
         <load_address>0x35b</load_address>
         <run_address>0x35b</run_address>
         <size>0xde</size>
         <input_file_ref idref="fl-6"/>
      </object_component>
      <object_component id="oc-b2">
         <name>.debug_abbrev</name>
         <load_address>0x439</load_address>
         <run_address>0x439</run_address>
         <size>0xdc</size>
         <input_file_ref idref="fl-8"/>
      </object_component>
      <object_component id="oc-b7">
         <name>.debug_abbrev</name>
         <load_address>0x515</load_address>
         <run_address>0x515</run_address>
         <size>0xc8</size>
         <input_file_ref idref="fl-a"/>
      </object_component>
      <object_component id="oc-bc">
         <name>.debug_abbrev</name>
         <load_address>0x5dd</load_address>
         <run_address>0x5dd</run_address>
         <size>0x116</size>
         <input_file_ref idref="fl-b"/>
      </object_component>
      <object_component id="oc-c1">
         <name>.debug_abbrev</name>
         <load_address>0x6f3</load_address>
         <run_address>0x6f3</run_address>
         <size>0xea</size>
         <input_file_ref idref="fl-c"/>
      </object_component>
      <object_component id="oc-c6">
         <name>.debug_abbrev</name>
         <load_address>0x7dd</load_address>
         <run_address>0x7dd</run_address>
         <size>0x1aa</size>
         <input_file_ref idref="fl-d"/>
      </object_component>
      <object_component id="oc-cb">
         <name>.debug_abbrev</name>
         <load_address>0x987</load_address>
         <run_address>0x987</run_address>
         <size>0x2f</size>
         <input_file_ref idref="fl-e"/>
      </object_component>
      <object_component id="oc-d1">
         <name>.debug_abbrev</name>
         <load_address>0x9b6</load_address>
         <run_address>0x9b6</run_address>
         <size>0x46</size>
         <input_file_ref idref="fl-20"/>
      </object_component>
      <object_component id="oc-d6">
         <name>.debug_abbrev</name>
         <load_address>0x9fc</load_address>
         <run_address>0x9fc</run_address>
         <size>0x38</size>
         <input_file_ref idref="fl-21"/>
      </object_component>
      <object_component id="oc-db">
         <name>.debug_abbrev</name>
         <load_address>0xa34</load_address>
         <run_address>0xa34</run_address>
         <size>0x66</size>
         <input_file_ref idref="fl-25"/>
      </object_component>
      <object_component id="oc-e2">
         <name>.debug_abbrev</name>
         <load_address>0xa9a</load_address>
         <run_address>0xa9a</run_address>
         <size>0x130</size>
         <input_file_ref idref="fl-26"/>
      </object_component>
      <object_component id="oc-e7">
         <name>.debug_abbrev</name>
         <load_address>0xbca</load_address>
         <run_address>0xbca</run_address>
         <size>0xee</size>
         <input_file_ref idref="fl-28"/>
      </object_component>
      <object_component id="oc-ee">
         <name>.debug_abbrev</name>
         <load_address>0xcb8</load_address>
         <run_address>0xcb8</run_address>
         <size>0x193</size>
         <input_file_ref idref="fl-29"/>
      </object_component>
      <object_component id="oc-f3">
         <name>.debug_abbrev</name>
         <load_address>0xe4b</load_address>
         <run_address>0xe4b</run_address>
         <size>0x38</size>
         <input_file_ref idref="fl-2a"/>
      </object_component>
      <object_component id="oc-f8">
         <name>.debug_abbrev</name>
         <load_address>0xe83</load_address>
         <run_address>0xe83</run_address>
         <size>0x38</size>
         <input_file_ref idref="fl-2b"/>
      </object_component>
      <object_component id="oc-fd">
         <name>.debug_abbrev</name>
         <load_address>0xebb</load_address>
         <run_address>0xebb</run_address>
         <size>0x38</size>
         <input_file_ref idref="fl-2c"/>
      </object_component>
      <object_component id="oc-102">
         <name>.debug_abbrev</name>
         <load_address>0xef3</load_address>
         <run_address>0xef3</run_address>
         <size>0x46</size>
         <input_file_ref idref="fl-2d"/>
      </object_component>
      <object_component id="oc-107">
         <name>.debug_abbrev</name>
         <load_address>0xf39</load_address>
         <run_address>0xf39</run_address>
         <size>0x38</size>
         <input_file_ref idref="fl-2e"/>
      </object_component>
      <object_component id="oc-10c">
         <name>.debug_abbrev</name>
         <load_address>0xf71</load_address>
         <run_address>0xf71</run_address>
         <size>0x38</size>
         <input_file_ref idref="fl-2f"/>
      </object_component>
      <object_component id="oc-111">
         <name>.debug_abbrev</name>
         <load_address>0xfa9</load_address>
         <run_address>0xfa9</run_address>
         <size>0x38</size>
         <input_file_ref idref="fl-30"/>
      </object_component>
      <object_component id="oc-116">
         <name>.debug_abbrev</name>
         <load_address>0xfe1</load_address>
         <run_address>0xfe1</run_address>
         <size>0x38</size>
         <input_file_ref idref="fl-31"/>
      </object_component>
      <object_component id="oc-11b">
         <name>.debug_abbrev</name>
         <load_address>0x1019</load_address>
         <run_address>0x1019</run_address>
         <size>0x5f</size>
         <input_file_ref idref="fl-32"/>
      </object_component>
      <object_component id="oc-120">
         <name>.debug_abbrev</name>
         <load_address>0x1078</load_address>
         <run_address>0x1078</run_address>
         <size>0x38</size>
         <input_file_ref idref="fl-33"/>
      </object_component>
      <object_component id="oc-125">
         <name>.debug_abbrev</name>
         <load_address>0x10b0</load_address>
         <run_address>0x10b0</run_address>
         <size>0x38</size>
         <input_file_ref idref="fl-34"/>
      </object_component>
      <object_component id="oc-12a">
         <name>.debug_abbrev</name>
         <load_address>0x10e8</load_address>
         <run_address>0x10e8</run_address>
         <size>0x38</size>
         <input_file_ref idref="fl-35"/>
      </object_component>
      <object_component id="oc-12f">
         <name>.debug_abbrev</name>
         <load_address>0x1120</load_address>
         <run_address>0x1120</run_address>
         <size>0x38</size>
         <input_file_ref idref="fl-36"/>
      </object_component>
      <object_component id="oc-134">
         <name>.debug_abbrev</name>
         <load_address>0x1158</load_address>
         <run_address>0x1158</run_address>
         <size>0x38</size>
         <input_file_ref idref="fl-42"/>
      </object_component>
      <object_component id="oc-139">
         <name>.debug_abbrev</name>
         <load_address>0x1190</load_address>
         <run_address>0x1190</run_address>
         <size>0x38</size>
         <input_file_ref idref="fl-43"/>
      </object_component>
      <object_component id="oc-94">
         <name>.debug_abbrev</name>
         <load_address>0x11c8</load_address>
         <run_address>0x11c8</run_address>
         <size>0x20c</size>
         <input_file_ref idref="fl-46"/>
      </object_component>
      <object_component id="oc-1ba">
         <name>.debug_abbrev</name>
         <load_address>0x13d4</load_address>
         <run_address>0x13d4</run_address>
         <size>0xf</size>
      </object_component>
      <object_component id="oc-9d">
         <name>.debug_aranges</name>
         <load_address>0x0</load_address>
         <run_address>0x0</run_address>
         <size>0x58</size>
         <input_file_ref idref="fl-2"/>
      </object_component>
      <object_component id="oc-a2">
         <name>.debug_aranges</name>
         <load_address>0x58</load_address>
         <run_address>0x58</run_address>
         <size>0x40</size>
         <input_file_ref idref="fl-3"/>
      </object_component>
      <object_component id="oc-a8">
         <name>.debug_aranges</name>
         <load_address>0x98</load_address>
         <run_address>0x98</run_address>
         <size>0x28</size>
         <input_file_ref idref="fl-4"/>
      </object_component>
      <object_component id="oc-ae">
         <name>.debug_aranges</name>
         <load_address>0xc0</load_address>
         <run_address>0xc0</run_address>
         <size>0x2f8</size>
         <input_file_ref idref="fl-6"/>
      </object_component>
      <object_component id="oc-b3">
         <name>.debug_aranges</name>
         <load_address>0x3b8</load_address>
         <run_address>0x3b8</run_address>
         <size>0x18</size>
         <input_file_ref idref="fl-8"/>
      </object_component>
      <object_component id="oc-b8">
         <name>.debug_aranges</name>
         <load_address>0x3d0</load_address>
         <run_address>0x3d0</run_address>
         <size>0x28</size>
         <input_file_ref idref="fl-a"/>
      </object_component>
      <object_component id="oc-bd">
         <name>.debug_aranges</name>
         <load_address>0x3f8</load_address>
         <run_address>0x3f8</run_address>
         <size>0x20</size>
         <input_file_ref idref="fl-b"/>
      </object_component>
      <object_component id="oc-c2">
         <name>.debug_aranges</name>
         <load_address>0x418</load_address>
         <run_address>0x418</run_address>
         <size>0x38</size>
         <input_file_ref idref="fl-c"/>
      </object_component>
      <object_component id="oc-c7">
         <name>.debug_aranges</name>
         <load_address>0x450</load_address>
         <run_address>0x450</run_address>
         <size>0x78</size>
         <input_file_ref idref="fl-d"/>
      </object_component>
      <object_component id="oc-cc">
         <name>.debug_aranges</name>
         <load_address>0x4c8</load_address>
         <run_address>0x4c8</run_address>
         <size>0x20</size>
         <input_file_ref idref="fl-e"/>
      </object_component>
      <object_component id="oc-d2">
         <name>.debug_aranges</name>
         <load_address>0x4e8</load_address>
         <run_address>0x4e8</run_address>
         <size>0x20</size>
         <input_file_ref idref="fl-20"/>
      </object_component>
      <object_component id="oc-d7">
         <name>.debug_aranges</name>
         <load_address>0x508</load_address>
         <run_address>0x508</run_address>
         <size>0x28</size>
         <input_file_ref idref="fl-21"/>
      </object_component>
      <object_component id="oc-dc">
         <name>.debug_aranges</name>
         <load_address>0x530</load_address>
         <run_address>0x530</run_address>
         <size>0x20</size>
         <input_file_ref idref="fl-25"/>
      </object_component>
      <object_component id="oc-e3">
         <name>.debug_aranges</name>
         <load_address>0x550</load_address>
         <run_address>0x550</run_address>
         <size>0x28</size>
         <input_file_ref idref="fl-26"/>
      </object_component>
      <object_component id="oc-e8">
         <name>.debug_aranges</name>
         <load_address>0x578</load_address>
         <run_address>0x578</run_address>
         <size>0x20</size>
         <input_file_ref idref="fl-28"/>
      </object_component>
      <object_component id="oc-ef">
         <name>.debug_aranges</name>
         <load_address>0x598</load_address>
         <run_address>0x598</run_address>
         <size>0xb0</size>
         <input_file_ref idref="fl-29"/>
      </object_component>
      <object_component id="oc-f4">
         <name>.debug_aranges</name>
         <load_address>0x648</load_address>
         <run_address>0x648</run_address>
         <size>0x20</size>
         <input_file_ref idref="fl-2a"/>
      </object_component>
      <object_component id="oc-f9">
         <name>.debug_aranges</name>
         <load_address>0x668</load_address>
         <run_address>0x668</run_address>
         <size>0x20</size>
         <input_file_ref idref="fl-2b"/>
      </object_component>
      <object_component id="oc-fe">
         <name>.debug_aranges</name>
         <load_address>0x688</load_address>
         <run_address>0x688</run_address>
         <size>0x20</size>
         <input_file_ref idref="fl-2c"/>
      </object_component>
      <object_component id="oc-103">
         <name>.debug_aranges</name>
         <load_address>0x6a8</load_address>
         <run_address>0x6a8</run_address>
         <size>0x20</size>
         <input_file_ref idref="fl-2d"/>
      </object_component>
      <object_component id="oc-108">
         <name>.debug_aranges</name>
         <load_address>0x6c8</load_address>
         <run_address>0x6c8</run_address>
         <size>0x20</size>
         <input_file_ref idref="fl-2e"/>
      </object_component>
      <object_component id="oc-10d">
         <name>.debug_aranges</name>
         <load_address>0x6e8</load_address>
         <run_address>0x6e8</run_address>
         <size>0x20</size>
         <input_file_ref idref="fl-2f"/>
      </object_component>
      <object_component id="oc-112">
         <name>.debug_aranges</name>
         <load_address>0x708</load_address>
         <run_address>0x708</run_address>
         <size>0x30</size>
         <input_file_ref idref="fl-30"/>
      </object_component>
      <object_component id="oc-117">
         <name>.debug_aranges</name>
         <load_address>0x738</load_address>
         <run_address>0x738</run_address>
         <size>0x28</size>
         <input_file_ref idref="fl-31"/>
      </object_component>
      <object_component id="oc-11c">
         <name>.debug_aranges</name>
         <load_address>0x760</load_address>
         <run_address>0x760</run_address>
         <size>0x40</size>
         <input_file_ref idref="fl-32"/>
      </object_component>
      <object_component id="oc-121">
         <name>.debug_aranges</name>
         <load_address>0x7a0</load_address>
         <run_address>0x7a0</run_address>
         <size>0x20</size>
         <input_file_ref idref="fl-33"/>
      </object_component>
      <object_component id="oc-126">
         <name>.debug_aranges</name>
         <load_address>0x7c0</load_address>
         <run_address>0x7c0</run_address>
         <size>0x20</size>
         <input_file_ref idref="fl-34"/>
      </object_component>
      <object_component id="oc-12b">
         <name>.debug_aranges</name>
         <load_address>0x7e0</load_address>
         <run_address>0x7e0</run_address>
         <size>0x20</size>
         <input_file_ref idref="fl-35"/>
      </object_component>
      <object_component id="oc-130">
         <name>.debug_aranges</name>
         <load_address>0x800</load_address>
         <run_address>0x800</run_address>
[...]
         <object_component_ref idref="oc-aa"/>
      </symbol>
      <symbol id="sm-2e8">
         <name>_EPWM6_TZINT_ISR</name>
         <value>0x3f4eaf</value>
         <object_component_ref idref="oc-aa"/>
      </symbol>
      <symbol id="sm-2ea">
         <name>_EMUINT_ISR</name>
         <value>0x3f4f27</value>
         <object_component_ref idref="oc-aa"/>
      </symbol>
      <symbol id="sm-2ec">
         <name>_ECAP1_INT_ISR</name>
         <value>0x3f4f52</value>
         <object_component_ref idref="oc-aa"/>
      </symbol>
      <symbol id="sm-2ee">
         <name>_EPWM1_TZINT_ISR</name>
         <value>0x3f4f13</value>
         <object_component_ref idref="oc-aa"/>
      </symbol>
      <symbol id="sm-2f0">
         <name>_ADCINT6_ISR</name>
         <value>0x3f5024</value>
         <object_component_ref idref="oc-aa"/>
      </symbol>
      <symbol id="sm-2f2">
         <name>_EQEP2_INT_ISR</name>
         <value>0x3f4e73</value>
         <object_component_ref idref="oc-aa"/>
      </symbol>
      <symbol id="sm-2f4">
         <name>_HRCAP2_INT_ISR</name>
         <value>0x3f4e5f</value>
         <object_component_ref idref="oc-aa"/>
      </symbol>
      <symbol id="sm-2f6">
         <name>_ADCINT8_ISR</name>
         <value>0x3f5010</value>
         <object_component_ref idref="oc-aa"/>
      </symbol>
      <symbol id="sm-2f8">
         <name>_USER11_ISR</name>
         <value>0x3f4d5b</value>
         <object_component_ref idref="oc-aa"/>
      </symbol>
      <symbol id="sm-2fa">
         <name>_EPWM3_TZINT_ISR</name>
         <value>0x3f4eeb</value>
         <object_component_ref idref="oc-aa"/>
      </symbol>
      <symbol id="sm-2fc">
         <name>_USER4_ISR</name>
         <value>0x3f4d29</value>
         <object_component_ref idref="oc-aa"/>
      </symbol>
      <symbol id="sm-2fe">
         <name>_EPWM2_TZINT_ISR</name>
         <value>0x3f4eff</value>
         <object_component_ref idref="oc-aa"/>
      </symbol>
      <symbol id="sm-300">
         <name>_CLA1_INT3_ISR</name>
         <value>0x3f4fe8</value>
         <object_component_ref idref="oc-aa"/>
      </symbol>
      <symbol id="sm-302">
         <name>_EPWM2_INT_ISR</name>
         <value>0x3f4f09</value>
         <object_component_ref idref="oc-aa"/>
      </symbol>
      <symbol id="sm-304">
         <name>_TINT0_ISR</name>
         <value>0x3f4d79</value>
         <object_component_ref idref="oc-aa"/>
      </symbol>
      <symbol id="sm-306">
         <name>_WAKEINT_ISR</name>
         <value>0x3f4ced</value>
         <object_component_ref idref="oc-aa"/>
      </symbol>
      <symbol id="sm-308">
         <name>_ADCINT7_ISR</name>
         <value>0x3f501a</value>
         <object_component_ref idref="oc-aa"/>
      </symbol>
      <symbol id="sm-30a">
         <name>_ADCINT9_ISR</name>
         <value>0x3f5006</value>
         <object_component_ref idref="oc-aa"/>
      </symbol>
      <symbol id="sm-30c">
         <name>_DINTCH4_ISR</name>
         <value>0x3f4f84</value>
         <object_component_ref idref="oc-aa"/>
      </symbol>
      <symbol id="sm-30e">
         <name>_USER10_ISR</name>
         <value>0x3f4d65</value>
         <object_component_ref idref="oc-aa"/>
      </symbol>
      <symbol id="sm-310">
         <name>_USER7_ISR</name>
         <value>0x3f4d0b</value>
         <object_component_ref idref="oc-aa"/>
      </symbol>
      <symbol id="sm-312">
         <name>_XINT1_ISR</name>
         <value>0x3f4ce3</value>
         <object_component_ref idref="oc-aa"/>
      </symbol>
      <symbol id="sm-314">
         <name>_INT14_ISR</name>
         <value>0x3f4e19</value>
         <object_component_ref idref="oc-aa"/>
      </symbol>
      <symbol id="sm-316">
         <name>_EPWM7_INT_ISR</name>
         <value>0x3f4ea5</value>
         <object_component_ref idref="oc-aa"/>
      </symbol>
      <symbol id="sm-318">
         <name>_DINTCH5_ISR</name>
         <value>0x3f4f7a</value>
         <object_component_ref idref="oc-aa"/>
      </symbol>
      <symbol id="sm-31a">
         <name>_USER6_ISR</name>
         <value>0x3f4d15</value>
         <object_component_ref idref="oc-aa"/>
      </symbol>
      <symbol id="sm-31c">
         <name>_CLA1_INT1_ISR</name>
         <value>0x3f4ffc</value>
         <object_component_ref idref="oc-aa"/>
      </symbol>
      <symbol id="sm-31e">
         <name>_ADCINT1_ISR</name>
         <value>0x3f5056</value>
         <object_component_ref idref="oc-aa"/>
      </symbol>
      <symbol id="sm-320">
         <name>_MRINTA_ISR</name>
         <value>0x3f4dfb</value>
         <object_component_ref idref="oc-aa"/>
      </symbol>
      <symbol id="sm-322">
         <name>_DINTCH6_ISR</name>
         <value>0x3f4f70</value>
         <object_component_ref idref="oc-aa"/>
      </symbol>
      <symbol id="sm-324">
         <name>_USER12_ISR</name>
         <value>0x3f4d51</value>
         <object_component_ref idref="oc-aa"/>
      </symbol>
      <symbol id="sm-326">
         <name>_USER1_ISR</name>
         <value>0x3f4d47</value>
         <object_component_ref idref="oc-aa"/>
      </symbol>
      <symbol id="sm-328">
         <name>_XINT3_ISR</name>
         <value>0x3f4ccf</value>
         <object_component_ref idref="oc-aa"/>
      </symbol>
      <symbol id="sm-32a">
         <name>_CLA1_INT6_ISR</name>
         <value>0x3f4fca</value>
         <object_component_ref idref="oc-aa"/>
      </symbol>
      <symbol id="sm-32c">
         <name>_EPWM5_INT_ISR</name>
         <value>0x3f4ecd</value>
         <object_component_ref idref="oc-aa"/>
      </symbol>
      <symbol id="sm-32e">
         <name>_NMI_ISR</name>
         <value>0x3f4de7</value>
         <object_component_ref idref="oc-aa"/>
      </symbol>
      <symbol id="sm-330">
         <name>_SCITXINTB_ISR</name>
         <value>0x3f4dab</value>
         <object_component_ref idref="oc-aa"/>
      </symbol>
      <symbol id="sm-332">
         <name>_SCIRXINTB_ISR</name>
         <value>0x3f4dbf</value>
         <object_component_ref idref="oc-aa"/>
      </symbol>
      <symbol id="sm-334">
         <name>_ECAN1INTA_ISR</name>
         <value>0x3f4f5c</value>
         <object_component_ref idref="oc-aa"/>
      </symbol>
      <symbol id="sm-336">
         <name>_ADCINT2_ISR</name>
         <value>0x3f504c</value>
         <object_component_ref idref="oc-aa"/>
      </symbol>
      <symbol id="sm-338">
         <name>_ECAP2_INT_ISR</name>
         <value>0x3f4f48</value>
         <object_component_ref idref="oc-aa"/>
      </symbol>
      <symbol id="sm-33a">
         <name>_PIE_RESERVED</name>
         <value>0x3f4ddd</value>
         <object_component_ref idref="oc-aa"/>
      </symbol>
      <symbol id="sm-33c">
         <name>_I2CINT1A_ISR</name>
         <value>0x3f4e41</value>
         <object_component_ref idref="oc-aa"/>
      </symbol>
      <symbol id="sm-33e">
         <name>_XINT2_ISR</name>
         <value>0x3f4cd9</value>
         <object_component_ref idref="oc-aa"/>
      </symbol>
      <symbol id="sm-340">
         <name>_CLA1_INT7_ISR</name>
         <value>0x3f4fc0</value>
         <object_component_ref idref="oc-aa"/>
      </symbol>
      <symbol id="sm-342">
         <name>_I2CINT2A_ISR</name>
         <value>0x3f4e37</value>
         <object_component_ref idref="oc-aa"/>
      </symbol>
      <symbol id="sm-344">
         <name>_RTOSINT_ISR</name>
         <value>0x3f4dd3</value>
         <object_component_ref idref="oc-aa"/>
      </symbol>
      <symbol id="sm-346">
         <name>_EPWM3_INT_ISR</name>
         <value>0x3f4ef5</value>
         <object_component_ref idref="oc-aa"/>
      </symbol>
      <symbol id="sm-348">
         <name>_ADCINT3_ISR</name>
         <value>0x3f5042</value>
         <object_component_ref idref="oc-aa"/>
      </symbol>
      <symbol id="sm-34a">
         <name>_SPITXINTB_ISR</name>
         <value>0x3f4d83</value>
         <object_component_ref idref="oc-aa"/>
      </symbol>
      <symbol id="sm-34c">
         <name>_SPIRXINTB_ISR</name>
         <value>0x3f4d97</value>
         <object_component_ref idref="oc-aa"/>
      </symbol>
      <symbol id="sm-34e">
         <name>_USER9_ISR</name>
         <value>0x3f4cf7</value>
         <object_component_ref idref="oc-aa"/>
      </symbol>
      <symbol id="sm-350">
         <name>_USER3_ISR</name>
         <value>0x3f4d33</value>
         <object_component_ref idref="oc-aa"/>
      </symbol>
      <symbol id="sm-352">
         <name>_CLA1_INT4_ISR</name>
         <value>0x3f4fde</value>
         <object_component_ref idref="oc-aa"/>
      </symbol>
      <symbol id="sm-354">
         <name>_EQEP1_INT_ISR</name>
         <value>0x3f4e7d</value>
         <object_component_ref idref="oc-aa"/>
      </symbol>
      <symbol id="sm-356">
         <name>_HRCAP3_INT_ISR</name>
         <value>0x3f4e55</value>
         <object_component_ref idref="oc-aa"/>
      </symbol>
      <symbol id="sm-358">
         <name>_DINTCH1_ISR</name>
         <value>0x3f4fa2</value>
         <object_component_ref idref="oc-aa"/>
      </symbol>
      <symbol id="sm-35a">
         <name>_USER8_ISR</name>
         <value>0x3f4d01</value>
         <object_component_ref idref="oc-aa"/>
      </symbol>
      <symbol id="sm-35c">
         <name>_EPWM1_INT_ISR</name>
         <value>0x3f4f1d</value>
         <object_component_ref idref="oc-aa"/>
      </symbol>
      <symbol id="sm-35e">
         <name>_USER2_ISR</name>
         <value>0x3f4d3d</value>
         <object_component_ref idref="oc-aa"/>
      </symbol>
      <symbol id="sm-360">
         <name>_CLA1_INT5_ISR</name>
         <value>0x3f4fd4</value>
         <object_component_ref idref="oc-aa"/>
      </symbol>
      <symbol id="sm-362">
         <name>_LUF_ISR</name>
         <value>0x3f4e0f</value>
         <object_component_ref idref="oc-aa"/>
      </symbol>
      <symbol id="sm-364">
         <name>_LVF_ISR</name>
         <value>0x3f4e05</value>
         <object_component_ref idref="oc-aa"/>
      </symbol>
      <symbol id="sm-366">
         <name>_SCITXINTA_ISR</name>
         <value>0x3f4db5</value>
         <object_component_ref idref="oc-aa"/>
      </symbol>
      <symbol id="sm-368">
         <name>_SCIRXINTA_ISR</name>
         <value>0x3f4dc9</value>
         <object_component_ref idref="oc-aa"/>
      </symbol>
      <symbol id="sm-36a">
         <name>_rsvd_ISR</name>
         <value>0x3f4cc5</value>
         <object_component_ref idref="oc-aa"/>
      </symbol>
      <symbol id="sm-36c">
         <name>_HRCAP1_INT_ISR</name>
         <value>0x3f4e69</value>
         <object_component_ref idref="oc-aa"/>
      </symbol>
      <symbol id="sm-36e">
         <name>_DINTCH2_ISR</name>
         <value>0x3f4f98</value>
         <object_component_ref idref="oc-aa"/>
      </symbol>
      <symbol id="sm-384">
         <name>_InitPieCtrl</name>
         <value>0x3f5bb4</value>
         <object_component_ref idref="oc-148"/>
      </symbol>
      <symbol id="sm-386">
         <name>_EnableInterrupts</name>
         <value>0x3f5bd3</value>
         <object_component_ref idref="oc-148"/>
      </symbol>
      <symbol id="sm-396">
         <name>_PieVectTableInit</name>
         <value>0x3f5e98</value>
         <object_component_ref idref="oc-14f"/>
      </symbol>
      <symbol id="sm-397">
         <name>_InitPieVectTable</name>
         <value>0x3f5d1e</value>
         <object_component_ref idref="oc-14a"/>
      </symbol>
      <symbol id="sm-3a4">
         <name>_InitScibGpio</name>
         <value>0x3f5a6b</value>
         <object_component_ref idref="oc-147"/>
      </symbol>
      <symbol id="sm-3a6">
         <name>_InitSciaGpio</name>
         <value>0x3f5a83</value>
         <object_component_ref idref="oc-147"/>
      </symbol>
      <symbol id="sm-3a8">
         <name>_InitSciGpio</name>
         <value>0x3f5a9e</value>
         <object_component_ref idref="oc-147"/>
      </symbol>
      <symbol id="sm-3aa">
         <name>_InitSci</name>
         <value>0x3f5aa3</value>
         <object_component_ref idref="oc-147"/>
      </symbol>
      <symbol id="sm-3c2">
         <name>_InitPll</name>
         <value>0x3f5498</value>
         <object_component_ref idref="oc-146"/>
      </symbol>
      <symbol id="sm-3c4">
         <name>_IntOsc1Sel</name>
         <value>0x3f5480</value>
         <object_component_ref idref="oc-146"/>
      </symbol>
      <symbol id="sm-3c6">
         <name>_ExtOscSel</name>
         <value>0x3f558d</value>
         <object_component_ref idref="oc-146"/>
      </symbol>
      <symbol id="sm-3c8">
         <name>_DisableDog</name>
         <value>0x3f5490</value>
         <object_component_ref idref="oc-146"/>
      </symbol>
      <symbol id="sm-3ca">
         <name>_InitPeripheralClocks</name>
         <value>0x3f54e9</value>
         <object_component_ref idref="oc-146"/>
      </symbol>
      <symbol id="sm-3cc">
         <name>_IntOsc2Sel</name>
         <value>0x3f546c</value>
         <object_component_ref idref="oc-146"/>
      </symbol>
      <symbol id="sm-3ce">
         <name>_InitFlash</name>
         <value>0x8000</value>
         <object_component_ref idref="oc-149"/>
      </symbol>
      <symbol id="sm-3d0">
         <name>_CsmUnlock</name>
         <value>0x3f55a5</value>
         <object_component_ref idref="oc-146"/>
      </symbol>
      <symbol id="sm-3d2">
         <name>_InitPll2</name>
         <value>0x3f5560</value>
         <object_component_ref idref="oc-146"/>
      </symbol>
      <symbol id="sm-3d4">
         <name>_ServiceDog</name>
         <value>0x3f5462</value>
         <object_component_ref idref="oc-146"/>
      </symbol>
      <symbol id="sm-3d6">
         <name>_XtalOscSel</name>
         <value>0x3f5447</value>
         <object_component_ref idref="oc-146"/>
      </symbol>
      <symbol id="sm-3d8">
         <name>_InitSysCtrl</name>
         <value>0x3f5548</value>
         <object_component_ref idref="oc-146"/>
      </symbol>
      <symbol id="sm-3e5">
         <name>_DSP28x_usDelay</name>
         <value>0x801d</value>
         <object_component_ref idref="oc-c8"/>
      </symbol>
      <symbol id="sm-400">
         <name>_c_int00</name>
         <value>0x3f5a15</value>
         <object_component_ref idref="oc-53"/>
      </symbol>
      <symbol id="sm-401">
         <name>__stack</name>
         <value>0x50</value>
         <object_component_ref idref="oc-cd"/>
      </symbol>
      <symbol id="sm-40d">
         <name>U$$MOD</name>
         <value>0x3f5d5e</value>
         <object_component_ref idref="oc-d3"/>
      </symbol>
      <symbol id="sm-40e">
         <name>U$$DIV</name>
         <value>0x3f5d59</value>
         <object_component_ref idref="oc-d3"/>
      </symbol>
      <symbol id="sm-41b">
         <name>__system_post_cinit</name>
         <value>0x3f5d95</value>
         <object_component_ref idref="oc-13d"/>
      </symbol>
      <symbol id="sm-430">
         <name>C$$EXIT</name>
         <value>0x3f5b8b</value>
         <object_component_ref idref="oc-13f"/>
      </symbol>
      <symbol id="sm-431">
         <name>_exit</name>
         <value>0x3f5b8d</value>
         <object_component_ref idref="oc-13f"/>
      </symbol>
      <symbol id="sm-433">
         <name>___TI_cleanup_ptr</name>
         <value>0xa02a</value>
         <object_component_ref idref="oc-df"/>
      </symbol>
      <symbol id="sm-434">
         <name>___TI_enable_exit_profile_output</name>
         <value>0xa028</value>
         <object_component_ref idref="oc-df"/>
      </symbol>
      <symbol id="sm-435">
         <name>_abort</name>
         <value>0x3f5b8b</value>
         <object_component_ref idref="oc-13f"/>
      </symbol>
      <symbol id="sm-437">
         <name>___TI_dtors_ptr</name>
         <value>0xa02c</value>
         <object_component_ref idref="oc-df"/>
      </symbol>
      <symbol id="sm-446">
         <name>__args_main</name>
         <value>0x3f5d0c</value>
         <object_component_ref idref="oc-13e"/>
      </symbol>
      <symbol id="sm-5aa">
         <name>___TI_printfi</name>
         <value>0x3f4b40</value>
         <object_component_ref idref="oc-14e"/>
      </symbol>
      <symbol id="sm-5bb">
         <name>FD$$CMP</name>
         <value>0x3f5b37</value>
         <object_component_ref idref="oc-f0"/>
      </symbol>
      <symbol id="sm-5cd">
         <name>FD$$MPY</name>
         <value>0x3f5938</value>
         <object_component_ref idref="oc-f5"/>
      </symbol>
      <symbol id="sm-5da">
         <name>FD$$NEG</name>
         <value>0x3f5d64</value>
         <object_component_ref idref="oc-fa"/>
      </symbol>
      <symbol id="sm-5e6">
         <name>FD$$SUB</name>
         <value>0x3f5d3f</value>
         <object_component_ref idref="oc-ff"/>
      </symbol>
      <symbol id="sm-5f5">
         <name>FD$$TOI</name>
         <value>0x3f5c24</value>
         <object_component_ref idref="oc-104"/>
      </symbol>
      <symbol id="sm-604">
         <name>FD$$TOL</name>
         <value>0x3f5c45</value>
         <object_component_ref idref="oc-109"/>
      </symbol>
      <symbol id="sm-610">
         <name>LL$$AND</name>
         <value>0x3f5cf4</value>
         <object_component_ref idref="oc-10e"/>
      </symbol>
      <symbol id="sm-611">
         <name>LL$$OR</name>
         <value>0x3f5cfc</value>
         <object_component_ref idref="oc-10e"/>
      </symbol>
      <symbol id="sm-612">
         <name>LL$$XOR</name>
         <value>0x3f5d04</value>
         <object_component_ref idref="oc-10e"/>
      </symbol>
      <symbol id="sm-620">
         <name>ULL$$CMP</name>
         <value>0x3f5c76</value>
         <object_component_ref idref="oc-113"/>
      </symbol>
      <symbol id="sm-621">
         <name>LL$$CMP</name>
         <value>0x3f5c64</value>
         <object_component_ref idref="oc-113"/>
      </symbol>
      <symbol id="sm-64d">
         <name>ULL$$MOD</name>
         <value>0x3f5678</value>
         <object_component_ref idref="oc-118"/>
      </symbol>
      <symbol id="sm-64e">
         <name>ULL$$DIV</name>
         <value>0x3f5649</value>
         <object_component_ref idref="oc-118"/>
      </symbol>
      <symbol id="sm-64f">
         <name>LL$$MOD</name>
         <value>0x3f560f</value>
         <object_component_ref idref="oc-118"/>
      </symbol>
      <symbol id="sm-650">
         <name>LL$$DIV</name>
         <value>0x3f55d3</value>
         <object_component_ref idref="oc-118"/>
      </symbol>
      <symbol id="sm-660">
         <name>I$$TOFD</name>
         <value>0x3f5c82</value>
         <object_component_ref idref="oc-11d"/>
      </symbol>
      <symbol id="sm-670">
         <name>L$$TOFD</name>
         <value>0x3f5cd8</value>
         <object_component_ref idref="oc-122"/>
      </symbol>
      <symbol id="sm-680">
         <name>FS$$TOFD</name>
         <value>0x3f5cbc</value>
         <object_component_ref idref="oc-127"/>
      </symbol>
      <symbol id="sm-697">
         <name>FD$$DIV</name>
         <value>0x3f58ad</value>
         <object_component_ref idref="oc-12c"/>
      </symbol>
      <symbol id="sm-6b2">
         <name>FD$$ADD</name>
         <value>0x3f5786</value>
         <object_component_ref idref="oc-131"/>
      </symbol>
      <symbol id="sm-6be">
         <name>UL$$MOD</name>
         <value>0x3f5b85</value>
         <object_component_ref idref="oc-136"/>
      </symbol>
      <symbol id="sm-6bf">
         <name>L$$MOD</name>
         <value>0x3f5b70</value>
         <object_component_ref idref="oc-136"/>
      </symbol>
      <symbol id="sm-6c0">
         <name>L$$DIV</name>
         <value>0x3f5b61</value>
         <object_component_ref idref="oc-136"/>
      </symbol>
      <symbol id="sm-6c1">
         <name>UL$$DIV</name>
         <value>0x3f5b7e</value>
         <object_component_ref idref="oc-136"/>
      </symbol>
   </symbol_table>
   <title>Link successful</title>
</link_info>
